Component: ARM Compiler 5.06 update 3 (build 300) Tool: armlink [4d35c9]

==============================================================================

Section Cross References

    main.o(i.main) refers to switch.o(i.tTaskSchedInit) for tTaskSchedInit
    main.o(i.main) refers to ttime.o(i.tTaskDelayInit) for tTaskDelayInit
    main.o(i.main) refers to tapp.o(i.tAppInit) for tAppInit
    main.o(i.main) refers to ttask.o(i.tTaskInit) for tTaskInit
    main.o(i.main) refers to switch.o(i.tTaskHighestReady) for tTaskHighestReady
    main.o(i.main) refers to switch.o(i.tTaskRunFirst) for tTaskRunFirst
    main.o(i.main) refers to main.o(.bss) for idleTaskEnv
    main.o(i.main) refers to main.o(i.idleTaskEntry) for idleTaskEntry
    main.o(i.main) refers to main.o(.data) for idleTask
    switch.o(.emb_text) refers to main.o(.data) for currentTask
    switch.o(i.tTaskHighestReady) refers to tbitmap.o(i.tBitmapGetFirstSet) for tBitmapGetFirstSet
    switch.o(i.tTaskHighestReady) refers to tlist.o(i.tListFirst) for tListFirst
    switch.o(i.tTaskHighestReady) refers to main.o(.data) for taskPrioBitmap
    switch.o(i.tTaskHighestReady) refers to main.o(.bss) for taskTable
    switch.o(i.tTaskSched) refers to switch.o(i.tTaskEnterCritical) for tTaskEnterCritical
    switch.o(i.tTaskSched) refers to switch.o(i.tTaskExitCritical) for tTaskExitCritical
    switch.o(i.tTaskSched) refers to switch.o(i.tTaskHighestReady) for tTaskHighestReady
    switch.o(i.tTaskSched) refers to switch.o(i.tTaskSwitch) for tTaskSwitch
    switch.o(i.tTaskSched) refers to main.o(.data) for schedLockCount
    switch.o(i.tTaskSchedDisable) refers to switch.o(i.tTaskEnterCritical) for tTaskEnterCritical
    switch.o(i.tTaskSchedDisable) refers to switch.o(i.tTaskExitCritical) for tTaskExitCritical
    switch.o(i.tTaskSchedDisable) refers to main.o(.data) for schedLockCount
    switch.o(i.tTaskSchedEnable) refers to switch.o(i.tTaskEnterCritical) for tTaskEnterCritical
    switch.o(i.tTaskSchedEnable) refers to switch.o(i.tTaskSched) for tTaskSched
    switch.o(i.tTaskSchedEnable) refers to switch.o(i.tTaskExitCritical) for tTaskExitCritical
    switch.o(i.tTaskSchedEnable) refers to main.o(.data) for schedLockCount
    switch.o(i.tTaskSchedInit) refers to tbitmap.o(i.tBitmapInit) for tBitmapInit
    switch.o(i.tTaskSchedInit) refers to tlist.o(i.tListInit) for tListInit
    switch.o(i.tTaskSchedInit) refers to main.o(.data) for schedLockCount
    switch.o(i.tTaskSchedInit) refers to main.o(.bss) for taskTable
    switch.o(i.tTaskSchedRdy) refers to tlist.o(i.tListAddFirst) for tListAddFirst
    switch.o(i.tTaskSchedRdy) refers to tbitmap.o(i.tBitmapSet) for tBitmapSet
    switch.o(i.tTaskSchedRdy) refers to main.o(.bss) for taskTable
    switch.o(i.tTaskSchedRdy) refers to main.o(.data) for taskPrioBitmap
    switch.o(i.tTaskSchedRemove) refers to tlist.o(i.tListRemoveNode) for tListRemoveNode
    switch.o(i.tTaskSchedRemove) refers to tlist.o(i.tListCount) for tListCount
    switch.o(i.tTaskSchedRemove) refers to tbitmap.o(i.tBitmapClear) for tBitmapClear
    switch.o(i.tTaskSchedRemove) refers to main.o(.bss) for taskTable
    switch.o(i.tTaskSchedRemove) refers to main.o(.data) for taskPrioBitmap
    switch.o(i.tTaskSchedUnRdy) refers to tlist.o(i.tListRemoveNode) for tListRemoveNode
    switch.o(i.tTaskSchedUnRdy) refers to tlist.o(i.tListCount) for tListCount
    switch.o(i.tTaskSchedUnRdy) refers to tbitmap.o(i.tBitmapClear) for tBitmapClear
    switch.o(i.tTaskSchedUnRdy) refers to main.o(.bss) for taskTable
    switch.o(i.tTaskSchedUnRdy) refers to main.o(.data) for taskPrioBitmap
    switch.o(i.tTimeTaskRemove) refers to tlist.o(i.tListRemoveNode) for tListRemoveNode
    switch.o(i.tTimeTaskRemove) refers to main.o(.bss) for tTaskDelayedList
    switch.o(i.tTimeTaskWait) refers to dflt_clz.o(x$fpl$dfltu) for __aeabi_ui2d
    switch.o(i.tTimeTaskWait) refers to dmul.o(x$fpl$dmul) for __aeabi_dmul
    switch.o(i.tTimeTaskWait) refers to dfixu.o(x$fpl$dfixu) for __aeabi_d2uiz
    switch.o(i.tTimeTaskWait) refers to tlist.o(i.tListAddLast) for tListAddLast
    switch.o(i.tTimeTaskWait) refers to main.o(.bss) for tTaskDelayedList
    switch.o(i.tTimeTaskWakeUp) refers to tlist.o(i.tListRemoveNode) for tListRemoveNode
    switch.o(i.tTimeTaskWakeUp) refers to main.o(.bss) for tTaskDelayedList
    tbitmap.o(i.tBitmapGetFirstSet) refers to tbitmap.o(i.tBitmapPosCount) for tBitmapPosCount
    tbitmap.o(i.tBitmapGetFirstSet) refers to tbitmap.o(.constdata) for quickFindTable
    tcpu.o(i.SysTick_Handler) refers to switch.o(i.tTaskEnterCritical) for tTaskEnterCritical
    tcpu.o(i.SysTick_Handler) refers to tevent.o(i.tEventRemoveTask) for tEventRemoveTask
    tcpu.o(i.SysTick_Handler) refers to switch.o(i.tTimeTaskWakeUp) for tTimeTaskWakeUp
    tcpu.o(i.SysTick_Handler) refers to switch.o(i.tTaskSchedRdy) for tTaskSchedRdy
    tcpu.o(i.SysTick_Handler) refers to tlist.o(i.tListCount) for tListCount
    tcpu.o(i.SysTick_Handler) refers to tlist.o(i.tListRemoveFirst) for tListRemoveFirst
    tcpu.o(i.SysTick_Handler) refers to tlist.o(i.tListAddLast) for tListAddLast
    tcpu.o(i.SysTick_Handler) refers to switch.o(i.tTaskExitCritical) for tTaskExitCritical
    tcpu.o(i.SysTick_Handler) refers to switch.o(i.tTaskSched) for tTaskSched
    tcpu.o(i.SysTick_Handler) refers to main.o(.bss) for tTaskDelayedList
    tcpu.o(i.SysTick_Handler) refers to main.o(.data) for currentTask
    tcpu.o(i.tSetSysTickPeriod) refers to system_armcm3.o(.data) for SystemCoreClock
    ttime.o(i.tTaskDelay) refers to switch.o(i.tTaskEnterCritical) for tTaskEnterCritical
    ttime.o(i.tTaskDelay) refers to switch.o(i.tTimeTaskWait) for tTimeTaskWait
    ttime.o(i.tTaskDelay) refers to switch.o(i.tTaskSchedUnRdy) for tTaskSchedUnRdy
    ttime.o(i.tTaskDelay) refers to switch.o(i.tTaskExitCritical) for tTaskExitCritical
    ttime.o(i.tTaskDelay) refers to switch.o(i.tTaskSched) for tTaskSched
    ttime.o(i.tTaskDelay) refers to main.o(.data) for currentTask
    ttime.o(i.tTaskDelayInit) refers to tlist.o(i.tListInit) for tListInit
    ttime.o(i.tTaskDelayInit) refers to main.o(.bss) for tTaskDelayedList
    tapp.o(i.tAppInit) refers to ttask.o(i.tTaskInit) for tTaskInit
    tapp.o(i.tAppInit) refers to tapp.o(.bss) for task1Env
    tapp.o(i.tAppInit) refers to tapp.o(i.task1Entry) for task1Entry
    tapp.o(i.tAppInit) refers to tapp.o(i.task2Entry) for task2Entry
    tapp.o(i.tAppInit) refers to tapp.o(i.task3Entry) for task3Entry
    tapp.o(i.tAppInit) refers to tapp.o(i.task4Entry) for task4Entry
    tapp.o(i.task1DestroyFunc) refers to tapp.o(.data) for task1Flag
    tapp.o(i.task1Entry) refers to tcpu.o(i.tSetSysTickPeriod) for tSetSysTickPeriod
    tapp.o(i.task1Entry) refers to tsem.o(i.tSemInit) for tSemInit
    tapp.o(i.task1Entry) refers to ttime.o(i.tTaskDelay) for tTaskDelay
    tapp.o(i.task1Entry) refers to tapp.o(.bss) for sem
    tapp.o(i.task1Entry) refers to tapp.o(.data) for task1Flag
    tapp.o(i.task2Entry) refers to ttime.o(i.tTaskDelay) for tTaskDelay
    tapp.o(i.task2Entry) refers to tapp.o(.data) for task2Flag
    tapp.o(i.task3Entry) refers to ttime.o(i.tTaskDelay) for tTaskDelay
    tapp.o(i.task3Entry) refers to tapp.o(.data) for task3Flag
    tapp.o(i.task4Entry) refers to ttime.o(i.tTaskDelay) for tTaskDelay
    tapp.o(i.task4Entry) refers to tapp.o(.data) for task4Flag
    ttask.o(i.tTaskDeleteSelf) refers to switch.o(i.tTaskEnterCritical) for tTaskEnterCritical
    ttask.o(i.tTaskDeleteSelf) refers to switch.o(i.tTaskSchedRemove) for tTaskSchedRemove
    ttask.o(i.tTaskDeleteSelf) refers to switch.o(i.tTaskSched) for tTaskSched
    ttask.o(i.tTaskDeleteSelf) refers to switch.o(i.tTaskExitCritical) for tTaskExitCritical
    ttask.o(i.tTaskDeleteSelf) refers to main.o(.data) for currentTask
    ttask.o(i.tTaskForceDelete) refers to switch.o(i.tTaskEnterCritical) for tTaskEnterCritical
    ttask.o(i.tTaskForceDelete) refers to switch.o(i.tTimeTaskRemove) for tTimeTaskRemove
    ttask.o(i.tTaskForceDelete) refers to switch.o(i.tTaskSchedRemove) for tTaskSchedRemove
    ttask.o(i.tTaskForceDelete) refers to switch.o(i.tTaskSched) for tTaskSched
    ttask.o(i.tTaskForceDelete) refers to switch.o(i.tTaskExitCritical) for tTaskExitCritical
    ttask.o(i.tTaskForceDelete) refers to main.o(.data) for currentTask
    ttask.o(i.tTaskInit) refers to tlist.o(i.tNodeInit) for tNodeInit
    ttask.o(i.tTaskInit) refers to tlist.o(i.tListAddFirst) for tListAddFirst
    ttask.o(i.tTaskInit) refers to tbitmap.o(i.tBitmapSet) for tBitmapSet
    ttask.o(i.tTaskInit) refers to main.o(.bss) for taskTable
    ttask.o(i.tTaskInit) refers to main.o(.data) for taskPrioBitmap
    ttask.o(i.tTaskIsRequestDeleted) refers to switch.o(i.tTaskEnterCritical) for tTaskEnterCritical
    ttask.o(i.tTaskIsRequestDeleted) refers to switch.o(i.tTaskExitCritical) for tTaskExitCritical
    ttask.o(i.tTaskIsRequestDeleted) refers to main.o(.data) for currentTask
    ttask.o(i.tTaskRequestDelete) refers to switch.o(i.tTaskEnterCritical) for tTaskEnterCritical
    ttask.o(i.tTaskRequestDelete) refers to switch.o(i.tTaskExitCritical) for tTaskExitCritical
    ttask.o(i.tTaskSuspend) refers to switch.o(i.tTaskEnterCritical) for tTaskEnterCritical
    ttask.o(i.tTaskSuspend) refers to switch.o(i.tTaskSchedUnRdy) for tTaskSchedUnRdy
    ttask.o(i.tTaskSuspend) refers to switch.o(i.tTaskSched) for tTaskSched
    ttask.o(i.tTaskSuspend) refers to switch.o(i.tTaskExitCritical) for tTaskExitCritical
    ttask.o(i.tTaskSuspend) refers to main.o(.data) for currentTask
    ttask.o(i.tTaskWakeUp) refers to switch.o(i.tTaskEnterCritical) for tTaskEnterCritical
    ttask.o(i.tTaskWakeUp) refers to switch.o(i.tTaskSchedRdy) for tTaskSchedRdy
    ttask.o(i.tTaskWakeUp) refers to switch.o(i.tTaskSched) for tTaskSched
    ttask.o(i.tTaskWakeUp) refers to switch.o(i.tTaskExitCritical) for tTaskExitCritical
    tevent.o(i.tEventInit) refers to tlist.o(i.tListInit) for tListInit
    tevent.o(i.tEventRemoveAll) refers to switch.o(i.tTaskEnterCritical) for tTaskEnterCritical
    tevent.o(i.tEventRemoveAll) refers to tlist.o(i.tListCount) for tListCount
    tevent.o(i.tEventRemoveAll) refers to switch.o(i.tTimeTaskWakeUp) for tTimeTaskWakeUp
    tevent.o(i.tEventRemoveAll) refers to switch.o(i.tTaskSchedRdy) for tTaskSchedRdy
    tevent.o(i.tEventRemoveAll) refers to tlist.o(i.tListRemoveFirst) for tListRemoveFirst
    tevent.o(i.tEventRemoveAll) refers to switch.o(i.tTaskExitCritical) for tTaskExitCritical
    tevent.o(i.tEventRemoveTask) refers to switch.o(i.tTaskEnterCritical) for tTaskEnterCritical
    tevent.o(i.tEventRemoveTask) refers to tlist.o(i.tListRemoveNode) for tListRemoveNode
    tevent.o(i.tEventRemoveTask) refers to switch.o(i.tTaskExitCritical) for tTaskExitCritical
    tevent.o(i.tEventWait) refers to switch.o(i.tTaskEnterCritical) for tTaskEnterCritical
    tevent.o(i.tEventWait) refers to switch.o(i.tTaskSchedUnRdy) for tTaskSchedUnRdy
    tevent.o(i.tEventWait) refers to tlist.o(i.tListAddLast) for tListAddLast
    tevent.o(i.tEventWait) refers to switch.o(i.tTimeTaskWait) for tTimeTaskWait
    tevent.o(i.tEventWait) refers to switch.o(i.tTaskExitCritical) for tTaskExitCritical
    tevent.o(i.tEventWaitCount) refers to switch.o(i.tTaskEnterCritical) for tTaskEnterCritical
    tevent.o(i.tEventWaitCount) refers to tlist.o(i.tListCount) for tListCount
    tevent.o(i.tEventWaitCount) refers to switch.o(i.tTaskExitCritical) for tTaskExitCritical
    tevent.o(i.tEventWakeUp) refers to switch.o(i.tTaskEnterCritical) for tTaskEnterCritical
    tevent.o(i.tEventWakeUp) refers to tlist.o(i.tListRemoveFirst) for tListRemoveFirst
    tevent.o(i.tEventWakeUp) refers to switch.o(i.tTimeTaskWakeUp) for tTimeTaskWakeUp
    tevent.o(i.tEventWakeUp) refers to switch.o(i.tTaskSchedRdy) for tTaskSchedRdy
    tevent.o(i.tEventWakeUp) refers to switch.o(i.tTaskExitCritical) for tTaskExitCritical
    tsem.o(i.tSemInit) refers to tevent.o(i.tEventInit) for tEventInit
    startup_armcm3.o(STACK) refers (Special) to heapauxi.o(.text) for __use_two_region_memory
    startup_armcm3.o(HEAP) refers (Special) to heapauxi.o(.text) for __use_two_region_memory
    startup_armcm3.o(RESET) refers (Special) to heapauxi.o(.text) for __use_two_region_memory
    startup_armcm3.o(RESET) refers to startup_armcm3.o(STACK) for __initial_sp
    startup_armcm3.o(RESET) refers to startup_armcm3.o(.text) for Reset_Handler
    startup_armcm3.o(RESET) refers to switch.o(.emb_text) for PendSV_Handler
    startup_armcm3.o(RESET) refers to tcpu.o(i.SysTick_Handler) for SysTick_Handler
    startup_armcm3.o(.text) refers (Special) to heapauxi.o(.text) for __use_two_region_memory
    startup_armcm3.o(.text) refers to system_armcm3.o(i.SystemInit) for SystemInit
    startup_armcm3.o(.text) refers to __main.o(!!!main) for __main
    startup_armcm3.o(.text) refers to startup_armcm3.o(HEAP) for Heap_Mem
    startup_armcm3.o(.text) refers to startup_armcm3.o(STACK) for Stack_Mem
    system_armcm3.o(i.SystemCoreClockUpdate) refers to system_armcm3.o(.data) for SystemCoreClock
    system_armcm3.o(i.SystemInit) refers to system_armcm3.o(.data) for SystemCoreClock
    __main.o(!!!main) refers to __rtentry.o(.ARM.Collect$$rtentry$$00000000) for __rt_entry
    dfixu.o(x$fpl$dfixu) refers (Special) to usenofp.o(x$fpl$usenofp) for __I$use$fp
    dfixu.o(x$fpl$dfixu) refers to dnaninf.o(x$fpl$dnaninf) for __fpl_dnaninf
    dfixu.o(x$fpl$dfixur) refers (Special) to usenofp.o(x$fpl$usenofp) for __I$use$fp
    dfixu.o(x$fpl$dfixur) refers to dnaninf.o(x$fpl$dnaninf) for __fpl_dnaninf
    dflt_clz.o(x$fpl$dfltu) refers (Special) to usenofp.o(x$fpl$usenofp) for __I$use$fp
    dflt_clz.o(x$fpl$dflt) refers (Special) to usenofp.o(x$fpl$usenofp) for __I$use$fp
    dflt_clz.o(x$fpl$dfltn) refers (Special) to usenofp.o(x$fpl$usenofp) for __I$use$fp
    dmul.o(x$fpl$dmul) refers (Special) to usenofp.o(x$fpl$usenofp) for __I$use$fp
    dmul.o(x$fpl$dmul) refers to dretinf.o(x$fpl$dretinf) for __fpl_dretinf
    dmul.o(x$fpl$dmul) refers to dnaninf.o(x$fpl$dnaninf) for __fpl_dnaninf
    __rtentry.o(.ARM.Collect$$rtentry$$00000000) refers (Special) to __rtentry2.o(.ARM.Collect$$rtentry$$0000000A) for __rt_entry_li
    __rtentry.o(.ARM.Collect$$rtentry$$00000000) refers (Special) to __rtentry2.o(.ARM.Collect$$rtentry$$0000000D) for __rt_entry_main
    __rtentry.o(.ARM.Collect$$rtentry$$00000000) refers (Special) to __rtentry2.o(.ARM.Collect$$rtentry$$0000000C) for __rt_entry_postli_1
    __rtentry.o(.ARM.Collect$$rtentry$$00000000) refers (Special) to __rtentry2.o(.ARM.Collect$$rtentry$$00000009) for __rt_entry_postsh_1
    __rtentry.o(.ARM.Collect$$rtentry$$00000000) refers (Special) to __rtentry2.o(.ARM.Collect$$rtentry$$00000002) for __rt_entry_presh_1
    __rtentry.o(.ARM.Collect$$rtentry$$00000000) refers (Special) to __rtentry4.o(.ARM.Collect$$rtentry$$00000004) for __rt_entry_sh
    dnaninf.o(x$fpl$dnaninf) refers (Special) to usenofp.o(x$fpl$usenofp) for __I$use$fp
    dretinf.o(x$fpl$dretinf) refers (Special) to usenofp.o(x$fpl$usenofp) for __I$use$fp
    __rtentry2.o(.ARM.Collect$$rtentry$$00000008) refers to boardinit2.o(.text) for _platform_post_stackheap_init
    __rtentry2.o(.ARM.Collect$$rtentry$$0000000A) refers to libinit.o(.ARM.Collect$$libinit$$00000000) for __rt_lib_init
    __rtentry2.o(.ARM.Collect$$rtentry$$0000000B) refers to boardinit3.o(.text) for _platform_post_lib_init
    __rtentry2.o(.ARM.Collect$$rtentry$$0000000D) refers to main.o(i.main) for main
    __rtentry2.o(.ARM.Collect$$rtentry$$0000000D) refers to exit.o(.text) for exit
    __rtentry2.o(.ARM.exidx) refers to __rtentry2.o(.ARM.Collect$$rtentry$$00000001) for .ARM.Collect$$rtentry$$00000001
    __rtentry2.o(.ARM.exidx) refers to __rtentry2.o(.ARM.Collect$$rtentry$$00000008) for .ARM.Collect$$rtentry$$00000008
    __rtentry2.o(.ARM.exidx) refers to __rtentry2.o(.ARM.Collect$$rtentry$$0000000A) for .ARM.Collect$$rtentry$$0000000A
    __rtentry2.o(.ARM.exidx) refers to __rtentry2.o(.ARM.Collect$$rtentry$$0000000B) for .ARM.Collect$$rtentry$$0000000B
    __rtentry2.o(.ARM.exidx) refers to __rtentry2.o(.ARM.Collect$$rtentry$$0000000D) for .ARM.Collect$$rtentry$$0000000D
    __rtentry4.o(.ARM.Collect$$rtentry$$00000004) refers to sys_stackheap_outer.o(.text) for __user_setup_stackheap
    __rtentry4.o(.ARM.exidx) refers to __rtentry4.o(.ARM.Collect$$rtentry$$00000004) for .ARM.Collect$$rtentry$$00000004
    sys_stackheap_outer.o(.text) refers to libspace.o(.text) for __user_perproc_libspace
    sys_stackheap_outer.o(.text) refers to startup_armcm3.o(.text) for __user_initial_stackheap
    exit.o(.text) refers to rtexit.o(.ARM.Collect$$rtexit$$00000000) for __rt_exit
    libinit.o(.ARM.Collect$$libinit$$00000000) refers (Special) to libinit2.o(.ARM.Collect$$libinit$$0000002E) for __rt_lib_init_alloca_1
    libinit.o(.ARM.Collect$$libinit$$00000000) refers (Special) to libinit2.o(.ARM.Collect$$libinit$$0000002C) for __rt_lib_init_argv_1
    libinit.o(.ARM.Collect$$libinit$$00000000) refers (Special) to libinit2.o(.ARM.Collect$$libinit$$0000001B) for __rt_lib_init_atexit_1
    libinit.o(.ARM.Collect$$libinit$$00000000) refers (Special) to libinit2.o(.ARM.Collect$$libinit$$00000021) for __rt_lib_init_clock_1
    libinit.o(.ARM.Collect$$libinit$$00000000) refers (Special) to libinit2.o(.ARM.Collect$$libinit$$00000032) for __rt_lib_init_cpp_1
    libinit.o(.ARM.Collect$$libinit$$00000000) refers (Special) to libinit2.o(.ARM.Collect$$libinit$$00000030) for __rt_lib_init_exceptions_1
    libinit.o(.ARM.Collect$$libinit$$00000000) refers (Special) to libinit2.o(.ARM.Collect$$libinit$$00000002) for __rt_lib_init_fp_1
    libinit.o(.ARM.Collect$$libinit$$00000000) refers (Special) to libinit2.o(.ARM.Collect$$libinit$$0000001F) for __rt_lib_init_fp_trap_1
    libinit.o(.ARM.Collect$$libinit$$00000000) refers (Special) to libinit2.o(.ARM.Collect$$libinit$$00000023) for __rt_lib_init_getenv_1
    libinit.o(.ARM.Collect$$libinit$$00000000) refers (Special) to libinit2.o(.ARM.Collect$$libinit$$0000000A) for __rt_lib_init_heap_1
    libinit.o(.ARM.Collect$$libinit$$00000000) refers (Special) to libinit2.o(.ARM.Collect$$libinit$$00000011) for __rt_lib_init_lc_collate_1
    libinit.o(.ARM.Collect$$libinit$$00000000) refers (Special) to libinit2.o(.ARM.Collect$$libinit$$00000013) for __rt_lib_init_lc_ctype_1
    libinit.o(.ARM.Collect$$libinit$$00000000) refers (Special) to libinit2.o(.ARM.Collect$$libinit$$00000015) for __rt_lib_init_lc_monetary_1
    libinit.o(.ARM.Collect$$libinit$$00000000) refers (Special) to libinit2.o(.ARM.Collect$$libinit$$00000017) for __rt_lib_init_lc_numeric_1
    libinit.o(.ARM.Collect$$libinit$$00000000) refers (Special) to libinit2.o(.ARM.Collect$$libinit$$00000019) for __rt_lib_init_lc_time_1
    libinit.o(.ARM.Collect$$libinit$$00000000) refers (Special) to libinit2.o(.ARM.Collect$$libinit$$00000004) for __rt_lib_init_preinit_1
    libinit.o(.ARM.Collect$$libinit$$00000000) refers (Special) to libinit2.o(.ARM.Collect$$libinit$$0000000E) for __rt_lib_init_rand_1
    libinit.o(.ARM.Collect$$libinit$$00000000) refers (Special) to libinit2.o(.ARM.Collect$$libinit$$00000033) for __rt_lib_init_return
    libinit.o(.ARM.Collect$$libinit$$00000000) refers (Special) to libinit2.o(.ARM.Collect$$libinit$$0000001D) for __rt_lib_init_signal_1
    libinit.o(.ARM.Collect$$libinit$$00000000) refers (Special) to libinit2.o(.ARM.Collect$$libinit$$00000025) for __rt_lib_init_stdio_1
    libinit.o(.ARM.Collect$$libinit$$00000000) refers (Special) to libinit2.o(.ARM.Collect$$libinit$$0000000C) for __rt_lib_init_user_alloc_1
    libspace.o(.text) refers to libspace.o(.bss) for __libspace_start
    rtexit.o(.ARM.Collect$$rtexit$$00000000) refers (Special) to rtexit2.o(.ARM.Collect$$rtexit$$00000004) for __rt_exit_exit
    rtexit.o(.ARM.Collect$$rtexit$$00000000) refers (Special) to rtexit2.o(.ARM.Collect$$rtexit$$00000003) for __rt_exit_ls
    rtexit.o(.ARM.Collect$$rtexit$$00000000) refers (Special) to rtexit2.o(.ARM.Collect$$rtexit$$00000002) for __rt_exit_prels_1
    rtexit.o(.ARM.exidx) refers (Special) to rtexit2.o(.ARM.Collect$$rtexit$$00000004) for __rt_exit_exit
    rtexit.o(.ARM.exidx) refers (Special) to rtexit2.o(.ARM.Collect$$rtexit$$00000003) for __rt_exit_ls
    rtexit.o(.ARM.exidx) refers (Special) to rtexit2.o(.ARM.Collect$$rtexit$$00000002) for __rt_exit_prels_1
    rtexit.o(.ARM.exidx) refers to rtexit.o(.ARM.Collect$$rtexit$$00000000) for .ARM.Collect$$rtexit$$00000000
    libinit2.o(.ARM.Collect$$libinit$$00000010) refers to libinit2.o(.ARM.Collect$$libinit$$0000000F) for .ARM.Collect$$libinit$$0000000F
    libinit2.o(.ARM.Collect$$libinit$$00000012) refers to libinit2.o(.ARM.Collect$$libinit$$0000000F) for .ARM.Collect$$libinit$$0000000F
    libinit2.o(.ARM.Collect$$libinit$$00000014) refers to libinit2.o(.ARM.Collect$$libinit$$0000000F) for .ARM.Collect$$libinit$$0000000F
    libinit2.o(.ARM.Collect$$libinit$$00000016) refers to libinit2.o(.ARM.Collect$$libinit$$0000000F) for .ARM.Collect$$libinit$$0000000F
    libinit2.o(.ARM.Collect$$libinit$$00000018) refers to libinit2.o(.ARM.Collect$$libinit$$0000000F) for .ARM.Collect$$libinit$$0000000F
    libinit2.o(.ARM.Collect$$libinit$$00000026) refers to argv_veneer.o(.emb_text) for __ARM_argv_veneer
    libinit2.o(.ARM.Collect$$libinit$$00000027) refers to argv_veneer.o(.emb_text) for __ARM_argv_veneer
    rtexit2.o(.ARM.Collect$$rtexit$$00000003) refers to libshutdown.o(.ARM.Collect$$libshutdown$$00000000) for __rt_lib_shutdown
    rtexit2.o(.ARM.Collect$$rtexit$$00000004) refers to sys_exit.o(.text) for _sys_exit
    rtexit2.o(.ARM.exidx) refers to rtexit2.o(.ARM.Collect$$rtexit$$00000001) for .ARM.Collect$$rtexit$$00000001
    rtexit2.o(.ARM.exidx) refers to rtexit2.o(.ARM.Collect$$rtexit$$00000003) for .ARM.Collect$$rtexit$$00000003
    rtexit2.o(.ARM.exidx) refers to rtexit2.o(.ARM.Collect$$rtexit$$00000004) for .ARM.Collect$$rtexit$$00000004
    argv_veneer.o(.emb_text) refers to no_argv.o(.text) for __ARM_get_argv
    sys_exit.o(.text) refers (Special) to use_no_semi.o(.text) for __I$use$semihosting
    sys_exit.o(.text) refers (Special) to indicate_semi.o(.text) for __semihosting_library_function
    _get_argv_nomalloc.o(.text) refers (Special) to hrguard.o(.text) for __heap_region$guard
    _get_argv_nomalloc.o(.text) refers to defsig_rtmem_outer.o(.text) for __rt_SIGRTMEM
    _get_argv_nomalloc.o(.text) refers to sys_command.o(.text) for _sys_command_string
    libshutdown.o(.ARM.Collect$$libshutdown$$00000000) refers (Special) to libshutdown2.o(.ARM.Collect$$libshutdown$$00000002) for __rt_lib_shutdown_cpp_1
    libshutdown.o(.ARM.Collect$$libshutdown$$00000000) refers (Special) to libshutdown2.o(.ARM.Collect$$libshutdown$$00000007) for __rt_lib_shutdown_fp_trap_1
    libshutdown.o(.ARM.Collect$$libshutdown$$00000000) refers (Special) to libshutdown2.o(.ARM.Collect$$libshutdown$$0000000F) for __rt_lib_shutdown_heap_1
    libshutdown.o(.ARM.Collect$$libshutdown$$00000000) refers (Special) to libshutdown2.o(.ARM.Collect$$libshutdown$$00000010) for __rt_lib_shutdown_return
    libshutdown.o(.ARM.Collect$$libshutdown$$00000000) refers (Special) to libshutdown2.o(.ARM.Collect$$libshutdown$$0000000A) for __rt_lib_shutdown_signal_1
    libshutdown.o(.ARM.Collect$$libshutdown$$00000000) refers (Special) to libshutdown2.o(.ARM.Collect$$libshutdown$$00000004) for __rt_lib_shutdown_stdio_1
    libshutdown.o(.ARM.Collect$$libshutdown$$00000000) refers (Special) to libshutdown2.o(.ARM.Collect$$libshutdown$$0000000C) for __rt_lib_shutdown_user_alloc_1
    sys_command.o(.text) refers (Special) to use_no_semi.o(.text) for __I$use$semihosting
    sys_command.o(.text) refers (Special) to indicate_semi.o(.text) for __semihosting_library_function
    defsig_rtmem_outer.o(.text) refers to defsig_rtmem_inner.o(.text) for __rt_SIGRTMEM_inner
    defsig_rtmem_outer.o(.text) refers to defsig_exit.o(.text) for __sig_exit
    defsig_rtmem_formal.o(.text) refers to rt_raise.o(.text) for __rt_raise
    rt_raise.o(.text) refers to __raise.o(.text) for __raise
    rt_raise.o(.text) refers to sys_exit.o(.text) for _sys_exit
    defsig_exit.o(.text) refers to sys_exit.o(.text) for _sys_exit
    defsig_rtmem_inner.o(.text) refers to defsig_general.o(.text) for __default_signal_display
    __raise.o(.text) refers to defsig.o(CL$$defsig) for __default_signal_handler
    defsig_general.o(.text) refers to sys_wrch.o(.text) for _ttywrch
    sys_wrch.o(.text) refers (Special) to use_no_semi.o(.text) for __I$use$semihosting
    sys_wrch.o(.text) refers (Special) to indicate_semi.o(.text) for __semihosting_library_function
    defsig.o(CL$$defsig) refers to defsig_rtmem_inner.o(.text) for __rt_SIGRTMEM_inner
    defsig_abrt_inner.o(.text) refers to defsig_general.o(.text) for __default_signal_display
    defsig_fpe_inner.o(.text) refers to defsig_general.o(.text) for __default_signal_display
    defsig_rtred_inner.o(.text) refers to defsig_general.o(.text) for __default_signal_display
    defsig_stak_inner.o(.text) refers to defsig_general.o(.text) for __default_signal_display
    defsig_pvfn_inner.o(.text) refers to defsig_general.o(.text) for __default_signal_display
    defsig_cppl_inner.o(.text) refers to defsig_general.o(.text) for __default_signal_display
    defsig_segv_inner.o(.text) refers to defsig_general.o(.text) for __default_signal_display
    defsig_other.o(.text) refers to defsig_general.o(.text) for __default_signal_display


==============================================================================

Removing Unused input sections from the image.

    Removing main.o(.rev16_text), (4 bytes).
    Removing main.o(.revsh_text), (4 bytes).
    Removing main.o(.rrx_text), (6 bytes).
    Removing switch.o(.rev16_text), (4 bytes).
    Removing switch.o(.revsh_text), (4 bytes).
    Removing switch.o(.rrx_text), (6 bytes).
    Removing switch.o(i.tTaskSchedDisable), (40 bytes).
    Removing switch.o(i.tTaskSchedEnable), (48 bytes).
    Removing switch.o(i.tTaskSchedRemove), (60 bytes).
    Removing switch.o(i.tTimeTaskRemove), (20 bytes).
    Removing tlist.o(i.tListInsertAfter), (20 bytes).
    Removing tlist.o(i.tListLast), (14 bytes).
    Removing tlist.o(i.tListNext), (16 bytes).
    Removing tlist.o(i.tListPre), (16 bytes).
    Removing tlist.o(i.tListRemoveAll), (30 bytes).
    Removing tcpu.o(.rev16_text), (4 bytes).
    Removing tcpu.o(.revsh_text), (4 bytes).
    Removing tcpu.o(.rrx_text), (6 bytes).
    Removing tapp.o(i.task1DestroyFunc), (12 bytes).
    Removing ttask.o(i.tTaskDeleteSelf), (56 bytes).
    Removing ttask.o(i.tTaskForceDelete), (76 bytes).
    Removing ttask.o(i.tTaskGetInfo), (22 bytes).
    Removing ttask.o(i.tTaskIsRequestDeleted), (32 bytes).
    Removing ttask.o(i.tTaskRequestDelete), (24 bytes).
    Removing ttask.o(i.tTaskSetCleanCallFunc), (6 bytes).
    Removing ttask.o(i.tTaskSuspend), (68 bytes).
    Removing ttask.o(i.tTaskWakeUp), (52 bytes).
    Removing tevent.o(i.tEventRemoveAll), (92 bytes).
    Removing tevent.o(i.tEventWait), (74 bytes).
    Removing tevent.o(i.tEventWaitCount), (28 bytes).
    Removing tevent.o(i.tEventWakeUp), (82 bytes).
    Removing system_armcm3.o(.rev16_text), (4 bytes).
    Removing system_armcm3.o(.revsh_text), (4 bytes).
    Removing system_armcm3.o(.rrx_text), (6 bytes).
    Removing system_armcm3.o(i.SystemCoreClockUpdate), (16 bytes).

35 unused section(s) (total 960 bytes) removed from the image.

==============================================================================

Image Symbol Table

    Local Symbols

    Symbol Name                              Value     Ov Type        Size  Object(Section)

    RESET                                    0x00000000   Section      192  startup_armcm3.o(RESET)
    ../clib/angel/boardlib.s                 0x00000000   Number         0  boardshut.o ABSOLUTE
    ../clib/angel/boardlib.s                 0x00000000   Number         0  boardinit3.o ABSOLUTE
    ../clib/angel/boardlib.s                 0x00000000   Number         0  boardinit2.o ABSOLUTE
    ../clib/angel/boardlib.s                 0x00000000   Number         0  boardinit1.o ABSOLUTE
    ../clib/angel/handlers.s                 0x00000000   Number         0  __scatter_zi.o ABSOLUTE
    ../clib/angel/handlers.s                 0x00000000   Number         0  __scatter_copy.o ABSOLUTE
    ../clib/angel/kernel.s                   0x00000000   Number         0  rtexit.o ABSOLUTE
    ../clib/angel/kernel.s                   0x00000000   Number         0  rtexit2.o ABSOLUTE
    ../clib/angel/kernel.s                   0x00000000   Number         0  __rtentry.o ABSOLUTE
    ../clib/angel/kernel.s                   0x00000000   Number         0  __rtentry2.o ABSOLUTE
    ../clib/angel/kernel.s                   0x00000000   Number         0  __rtentry4.o ABSOLUTE
    ../clib/angel/rt.s                       0x00000000   Number         0  rt_raise.o ABSOLUTE
    ../clib/angel/scatter.s                  0x00000000   Number         0  __scatter.o ABSOLUTE
    ../clib/angel/startup.s                  0x00000000   Number         0  __main.o ABSOLUTE
    ../clib/angel/sys.s                      0x00000000   Number         0  indicate_semi.o ABSOLUTE
    ../clib/angel/sys.s                      0x00000000   Number         0  use_no_semi.o ABSOLUTE
    ../clib/angel/sys.s                      0x00000000   Number         0  libspace.o ABSOLUTE
    ../clib/angel/sys.s                      0x00000000   Number         0  sys_stackheap_outer.o ABSOLUTE
    ../clib/angel/sysapp.c                   0x00000000   Number         0  sys_wrch.o ABSOLUTE
    ../clib/angel/sysapp.c                   0x00000000   Number         0  sys_command.o ABSOLUTE
    ../clib/angel/sysapp.c                   0x00000000   Number         0  sys_exit.o ABSOLUTE
    ../clib/armsys.c                         0x00000000   Number         0  _get_argv_nomalloc.o ABSOLUTE
    ../clib/armsys.c                         0x00000000   Number         0  argv_veneer.o ABSOLUTE
    ../clib/armsys.c                         0x00000000   Number         0  argv_veneer.o ABSOLUTE
    ../clib/armsys.c                         0x00000000   Number         0  no_argv.o ABSOLUTE
    ../clib/heapalloc.c                      0x00000000   Number         0  hrguard.o ABSOLUTE
    ../clib/heapaux.c                        0x00000000   Number         0  heapauxi.o ABSOLUTE
    ../clib/libinit.s                        0x00000000   Number         0  libshutdown.o ABSOLUTE
    ../clib/libinit.s                        0x00000000   Number         0  libinit.o ABSOLUTE
    ../clib/libinit.s                        0x00000000   Number         0  libshutdown2.o ABSOLUTE
    ../clib/libinit.s                        0x00000000   Number         0  libinit2.o ABSOLUTE
    ../clib/signal.c                         0x00000000   Number         0  defsig_segv_inner.o ABSOLUTE
    ../clib/signal.c                         0x00000000   Number         0  __raise.o ABSOLUTE
    ../clib/signal.c                         0x00000000   Number         0  defsig_rtmem_inner.o ABSOLUTE
    ../clib/signal.c                         0x00000000   Number         0  defsig_exit.o ABSOLUTE
    ../clib/signal.c                         0x00000000   Number         0  defsig_cppl_inner.o ABSOLUTE
    ../clib/signal.c                         0x00000000   Number         0  defsig_stak_inner.o ABSOLUTE
    ../clib/signal.c                         0x00000000   Number         0  defsig_rtred_inner.o ABSOLUTE
    ../clib/signal.c                         0x00000000   Number         0  defsig_fpe_inner.o ABSOLUTE
    ../clib/signal.c                         0x00000000   Number         0  defsig_abrt_inner.o ABSOLUTE
    ../clib/signal.c                         0x00000000   Number         0  defsig_general.o ABSOLUTE
    ../clib/signal.c                         0x00000000   Number         0  defsig_rtmem_outer.o ABSOLUTE
    ../clib/signal.c                         0x00000000   Number         0  defsig_other.o ABSOLUTE
    ../clib/signal.c                         0x00000000   Number         0  defsig_rtmem_formal.o ABSOLUTE
    ../clib/signal.c                         0x00000000   Number         0  defsig_pvfn_inner.o ABSOLUTE
    ../clib/signal.s                         0x00000000   Number         0  defsig.o ABSOLUTE
    ../clib/stdlib.c                         0x00000000   Number         0  exit.o ABSOLUTE
    ../fplib/dfixu.s                         0x00000000   Number         0  dfixu.o ABSOLUTE
    ../fplib/dflt.s                          0x00000000   Number         0  dflt_clz.o ABSOLUTE
    ../fplib/dmul.s                          0x00000000   Number         0  dmul.o ABSOLUTE
    ../fplib/dnaninf.s                       0x00000000   Number         0  dnaninf.o ABSOLUTE
    ../fplib/dretinf.s                       0x00000000   Number         0  dretinf.o ABSOLUTE
    ../fplib/fpinit.s                        0x00000000   Number         0  fpinit.o ABSOLUTE
    ../fplib/usenofp.s                       0x00000000   Number         0  usenofp.o ABSOLUTE
    RTE\Device\ARMCM3\startup_ARMCM3.s       0x00000000   Number         0  startup_armcm3.o ABSOLUTE
    RTE\Device\ARMCM3\system_ARMCM3.c        0x00000000   Number         0  system_armcm3.o ABSOLUTE
    RTE\\Device\\ARMCM3\\system_ARMCM3.c     0x00000000   Number         0  system_armcm3.o ABSOLUTE
    Source\\main.c                           0x00000000   Number         0  main.o ABSOLUTE
    Source\\switch.c                         0x00000000   Number         0  switch.o ABSOLUTE
    Source\\tCPU.c                           0x00000000   Number         0  tcpu.o ABSOLUTE
    Source\main.c                            0x00000000   Number         0  main.o ABSOLUTE
    Source\switch.c                          0x00000000   Number         0  switch.o ABSOLUTE
    Source\tApp.c                            0x00000000   Number         0  tapp.o ABSOLUTE
    Source\tBitmap.c                         0x00000000   Number         0  tbitmap.o ABSOLUTE
    Source\tCPU.c                            0x00000000   Number         0  tcpu.o ABSOLUTE
    Source\tEvent.c                          0x00000000   Number         0  tevent.o ABSOLUTE
    Source\tList.c                           0x00000000   Number         0  tlist.o ABSOLUTE
    Source\tSem.c                            0x00000000   Number         0  tsem.o ABSOLUTE
    Source\tTask.c                           0x00000000   Number         0  ttask.o ABSOLUTE
    Source\tTime.c                           0x00000000   Number         0  ttime.o ABSOLUTE
    dc.s                                     0x00000000   Number         0  dc.o ABSOLUTE
    !!!main                                  0x000000c0   Section        8  __main.o(!!!main)
    !!!scatter                               0x000000c8   Section       52  __scatter.o(!!!scatter)
    !!handler_copy                           0x000000fc   Section       26  __scatter_copy.o(!!handler_copy)
    !!handler_zi                             0x00000118   Section       28  __scatter_zi.o(!!handler_zi)
    .ARM.Collect$$libinit$$00000000          0x00000134   Section        2  libinit.o(.ARM.Collect$$libinit$$00000000)
    .ARM.Collect$$libinit$$00000002          0x00000136   Section        0  libinit2.o(.ARM.Collect$$libinit$$00000002)
    .ARM.Collect$$libinit$$00000004          0x00000136   Section        0  libinit2.o(.ARM.Collect$$libinit$$00000004)
    .ARM.Collect$$libinit$$0000000A          0x00000136   Section        0  libinit2.o(.ARM.Collect$$libinit$$0000000A)
    .ARM.Collect$$libinit$$0000000C          0x00000136   Section        0  libinit2.o(.ARM.Collect$$libinit$$0000000C)
    .ARM.Collect$$libinit$$0000000E          0x00000136   Section        0  libinit2.o(.ARM.Collect$$libinit$$0000000E)
    .ARM.Collect$$libinit$$00000011          0x00000136   Section        0  libinit2.o(.ARM.Collect$$libinit$$00000011)
    .ARM.Collect$$libinit$$00000013          0x00000136   Section        0  libinit2.o(.ARM.Collect$$libinit$$00000013)
    .ARM.Collect$$libinit$$00000015          0x00000136   Section        0  libinit2.o(.ARM.Collect$$libinit$$00000015)
    .ARM.Collect$$libinit$$00000017          0x00000136   Section        0  libinit2.o(.ARM.Collect$$libinit$$00000017)
    .ARM.Collect$$libinit$$00000019          0x00000136   Section        0  libinit2.o(.ARM.Collect$$libinit$$00000019)
    .ARM.Collect$$libinit$$0000001B          0x00000136   Section        0  libinit2.o(.ARM.Collect$$libinit$$0000001B)
    .ARM.Collect$$libinit$$0000001D          0x00000136   Section        0  libinit2.o(.ARM.Collect$$libinit$$0000001D)
    .ARM.Collect$$libinit$$0000001F          0x00000136   Section        0  libinit2.o(.ARM.Collect$$libinit$$0000001F)
    .ARM.Collect$$libinit$$00000021          0x00000136   Section        0  libinit2.o(.ARM.Collect$$libinit$$00000021)
    .ARM.Collect$$libinit$$00000023          0x00000136   Section        0  libinit2.o(.ARM.Collect$$libinit$$00000023)
    .ARM.Collect$$libinit$$00000025          0x00000136   Section        0  libinit2.o(.ARM.Collect$$libinit$$00000025)
    .ARM.Collect$$libinit$$0000002C          0x00000136   Section        0  libinit2.o(.ARM.Collect$$libinit$$0000002C)
    .ARM.Collect$$libinit$$0000002E          0x00000136   Section        0  libinit2.o(.ARM.Collect$$libinit$$0000002E)
    .ARM.Collect$$libinit$$00000030          0x00000136   Section        0  libinit2.o(.ARM.Collect$$libinit$$00000030)
    .ARM.Collect$$libinit$$00000032          0x00000136   Section        0  libinit2.o(.ARM.Collect$$libinit$$00000032)
    .ARM.Collect$$libinit$$00000033          0x00000136   Section        2  libinit2.o(.ARM.Collect$$libinit$$00000033)
    .ARM.Collect$$libshutdown$$00000000      0x00000138   Section        2  libshutdown.o(.ARM.Collect$$libshutdown$$00000000)
    .ARM.Collect$$libshutdown$$00000002      0x0000013a   Section        0  libshutdown2.o(.ARM.Collect$$libshutdown$$00000002)
    .ARM.Collect$$libshutdown$$00000004      0x0000013a   Section        0  libshutdown2.o(.ARM.Collect$$libshutdown$$00000004)
    .ARM.Collect$$libshutdown$$00000007      0x0000013a   Section        0  libshutdown2.o(.ARM.Collect$$libshutdown$$00000007)
    .ARM.Collect$$libshutdown$$0000000A      0x0000013a   Section        0  libshutdown2.o(.ARM.Collect$$libshutdown$$0000000A)
    .ARM.Collect$$libshutdown$$0000000C      0x0000013a   Section        0  libshutdown2.o(.ARM.Collect$$libshutdown$$0000000C)
    .ARM.Collect$$libshutdown$$0000000F      0x0000013a   Section        0  libshutdown2.o(.ARM.Collect$$libshutdown$$0000000F)
    .ARM.Collect$$libshutdown$$00000010      0x0000013a   Section        2  libshutdown2.o(.ARM.Collect$$libshutdown$$00000010)
    .ARM.Collect$$rtentry$$00000000          0x0000013c   Section        0  __rtentry.o(.ARM.Collect$$rtentry$$00000000)
    .ARM.Collect$$rtentry$$00000002          0x0000013c   Section        0  __rtentry2.o(.ARM.Collect$$rtentry$$00000002)
    .ARM.Collect$$rtentry$$00000004          0x0000013c   Section        6  __rtentry4.o(.ARM.Collect$$rtentry$$00000004)
    .ARM.Collect$$rtentry$$00000009          0x00000142   Section        0  __rtentry2.o(.ARM.Collect$$rtentry$$00000009)
    .ARM.Collect$$rtentry$$0000000A          0x00000142   Section        4  __rtentry2.o(.ARM.Collect$$rtentry$$0000000A)
    .ARM.Collect$$rtentry$$0000000C          0x00000146   Section        0  __rtentry2.o(.ARM.Collect$$rtentry$$0000000C)
    .ARM.Collect$$rtentry$$0000000D          0x00000146   Section        8  __rtentry2.o(.ARM.Collect$$rtentry$$0000000D)
    .ARM.Collect$$rtexit$$00000000           0x0000014e   Section        2  rtexit.o(.ARM.Collect$$rtexit$$00000000)
    .ARM.Collect$$rtexit$$00000002           0x00000150   Section        0  rtexit2.o(.ARM.Collect$$rtexit$$00000002)
    .ARM.Collect$$rtexit$$00000003           0x00000150   Section        4  rtexit2.o(.ARM.Collect$$rtexit$$00000003)
    .ARM.Collect$$rtexit$$00000004           0x00000154   Section        6  rtexit2.o(.ARM.Collect$$rtexit$$00000004)
    .emb_text                                0x0000015c   Section       48  switch.o(.emb_text)
    .text                                    0x0000018c   Section       64  startup_armcm3.o(.text)
    .text                                    0x000001cc   Section        0  heapauxi.o(.text)
    .text                                    0x000001d2   Section       74  sys_stackheap_outer.o(.text)
    .text                                    0x0000021c   Section        0  exit.o(.text)
    .text                                    0x00000230   Section        8  libspace.o(.text)
    .text                                    0x00000238   Section        0  sys_exit.o(.text)
    .text                                    0x00000244   Section        2  use_no_semi.o(.text)
    .text                                    0x00000246   Section        0  indicate_semi.o(.text)
    i.SysTick_Handler                        0x00000248   Section        0  tcpu.o(i.SysTick_Handler)
    i.SystemInit                             0x000002f8   Section        0  system_armcm3.o(i.SystemInit)
    i.idleTaskEntry                          0x00000308   Section        0  main.o(i.idleTaskEntry)
    i.main                                   0x0000030c   Section        0  main.o(i.main)
    i.tAppInit                               0x00000354   Section        0  tapp.o(i.tAppInit)
    i.tBitmapClear                           0x000003d0   Section        0  tbitmap.o(i.tBitmapClear)
    i.tBitmapGetFirstSet                     0x000003dc   Section        0  tbitmap.o(i.tBitmapGetFirstSet)
    i.tBitmapInit                            0x00000438   Section        0  tbitmap.o(i.tBitmapInit)
    i.tBitmapPosCount                        0x0000043e   Section        0  tbitmap.o(i.tBitmapPosCount)
    i.tBitmapSet                             0x00000442   Section        0  tbitmap.o(i.tBitmapSet)
    i.tEventInit                             0x0000044e   Section        0  tevent.o(i.tEventInit)
    i.tEventRemoveTask                       0x0000045e   Section        0  tevent.o(i.tEventRemoveTask)
    i.tListAddFirst                          0x00000492   Section        0  tlist.o(i.tListAddFirst)
    i.tListAddLast                           0x000004a6   Section        0  tlist.o(i.tListAddLast)
    i.tListCount                             0x000004ba   Section        0  tlist.o(i.tListCount)
    i.tListFirst                             0x000004c0   Section        0  tlist.o(i.tListFirst)
    i.tListInit                              0x000004ce   Section        0  tlist.o(i.tListInit)
    i.tListRemoveFirst                       0x000004d8   Section        0  tlist.o(i.tListRemoveFirst)
    i.tListRemoveNode                        0x000004f6   Section        0  tlist.o(i.tListRemoveNode)
    i.tNodeInit                              0x0000050e   Section        0  tlist.o(i.tNodeInit)
    i.tSemInit                               0x00000514   Section        0  tsem.o(i.tSemInit)
    i.tSetSysTickPeriod                      0x0000053c   Section        0  tcpu.o(i.tSetSysTickPeriod)
    i.tTaskDelay                             0x00000594   Section        0  ttime.o(i.tTaskDelay)
    i.tTaskDelayInit                         0x000005c0   Section        0  ttime.o(i.tTaskDelayInit)
    i.tTaskEnterCritical                     0x000005d0   Section        0  switch.o(i.tTaskEnterCritical)
    i.tTaskExitCritical                      0x000005dc   Section        0  switch.o(i.tTaskExitCritical)
    i.tTaskHighestReady                      0x000005e8   Section        0  switch.o(i.tTaskHighestReady)
    i.tTaskInit                              0x0000060c   Section        0  ttask.o(i.tTaskInit)
    i.tTaskRunFirst                          0x000006ec   Section        0  switch.o(i.tTaskRunFirst)
    i.tTaskSched                             0x00000708   Section        0  switch.o(i.tTaskSched)
    i.tTaskSchedInit                         0x0000074c   Section        0  switch.o(i.tTaskSchedInit)
    i.tTaskSchedRdy                          0x00000780   Section        0  switch.o(i.tTaskSchedRdy)
    i.tTaskSchedUnRdy                        0x000007a8   Section        0  switch.o(i.tTaskSchedUnRdy)
    i.tTaskSwitch                            0x000007e4   Section        0  switch.o(i.tTaskSwitch)
    i.tTimeTaskWait                          0x000007f4   Section        0  switch.o(i.tTimeTaskWait)
    i.tTimeTaskWakeUp                        0x00000838   Section        0  switch.o(i.tTimeTaskWakeUp)
    i.task1Entry                             0x00000854   Section        0  tapp.o(i.task1Entry)
    i.task2Entry                             0x00000888   Section        0  tapp.o(i.task2Entry)
    i.task3Entry                             0x000008a8   Section        0  tapp.o(i.task3Entry)
    i.task4Entry                             0x000008c8   Section        0  tapp.o(i.task4Entry)
    x$fpl$dfixu                              0x000008e8   Section       90  dfixu.o(x$fpl$dfixu)
    x$fpl$dfltu                              0x00000942   Section       38  dflt_clz.o(x$fpl$dfltu)
    x$fpl$dmul                               0x00000968   Section      340  dmul.o(x$fpl$dmul)
    x$fpl$dnaninf                            0x00000abc   Section      156  dnaninf.o(x$fpl$dnaninf)
    x$fpl$dretinf                            0x00000b58   Section       12  dretinf.o(x$fpl$dretinf)
    .constdata                               0x00000b64   Section      256  tbitmap.o(.constdata)
    x$fpl$usenofp                            0x00000b64   Section        0  usenofp.o(x$fpl$usenofp)
    quickFindTable                           0x00000b64   Data         256  tbitmap.o(.constdata)
    .data                                    0x20000000   Section       20  main.o(.data)
    .data                                    0x20000014   Section       16  tapp.o(.data)
    .data                                    0x20000024   Section        4  system_armcm3.o(.data)
    .bss                                     0x20000028   Section     4556  main.o(.bss)
    .bss                                     0x200011f4   Section    16680  tapp.o(.bss)
    .bss                                     0x2000531c   Section       96  libspace.o(.bss)
    HEAP                                     0x20005380   Section     3072  startup_armcm3.o(HEAP)
    Heap_Mem                                 0x20005380   Data        3072  startup_armcm3.o(HEAP)
    STACK                                    0x20005f80   Section     1024  startup_armcm3.o(STACK)
    Stack_Mem                                0x20005f80   Data        1024  startup_armcm3.o(STACK)
    __initial_sp                             0x20006380   Data           0  startup_armcm3.o(STACK)

    Global Symbols

    Symbol Name                              Value     Ov Type        Size  Object(Section)

    BuildAttributes$$THM_ISAv4$P$D$K$B$S$PE$A:L22UL41UL21$X:L11$S22US41US21$IEEE1$IW$USESV6$~STKCKD$USESV7$~SHL$OSPACE$ROPI$EBA8$UX$STANDARDLIB$REQ8$PRES8$EABIv2 0x00000000   Number         0  anon$$obj.o ABSOLUTE
    __ARM_use_no_argv                        0x00000000   Number         0  main.o ABSOLUTE
    __Vectors                                0x00000000   Data           4  startup_armcm3.o(RESET)
    __ARM_exceptions_init                     - Undefined Weak Reference
    __alloca_initialize                       - Undefined Weak Reference
    __arm_preinit_                            - Undefined Weak Reference
    __cpp_initialize__aeabi_                  - Undefined Weak Reference
    __cxa_finalize                            - Undefined Weak Reference
    __rt_locale                               - Undefined Weak Reference
    __sigvec_lookup                           - Undefined Weak Reference
    _atexit_init                              - Undefined Weak Reference
    _call_atexit_fns                          - Undefined Weak Reference
    _clock_init                               - Undefined Weak Reference
    _fp_trap_init                             - Undefined Weak Reference
    _fp_trap_shutdown                         - Undefined Weak Reference
    _get_lc_collate                           - Undefined Weak Reference
    _get_lc_ctype                             - Undefined Weak Reference
    _get_lc_monetary                          - Undefined Weak Reference
    _get_lc_numeric                           - Undefined Weak Reference
    _get_lc_time                              - Undefined Weak Reference
    _getenv_init                              - Undefined Weak Reference
    _handle_redirection                       - Undefined Weak Reference
    _init_alloc                               - Undefined Weak Reference
    _init_user_alloc                          - Undefined Weak Reference
    _initio                                   - Undefined Weak Reference
    _rand_init                                - Undefined Weak Reference
    _signal_finish                            - Undefined Weak Reference
    _signal_init                              - Undefined Weak Reference
    _terminate_alloc                          - Undefined Weak Reference
    _terminate_user_alloc                     - Undefined Weak Reference
    _terminateio                              - Undefined Weak Reference
    __Vectors_End                            0x000000c0   Data           0  startup_armcm3.o(RESET)
    __Vectors_Size                           0x000000c0   Number         0  startup_armcm3.o ABSOLUTE
    __main                                   0x000000c1   Thumb Code     8  __main.o(!!!main)
    __scatterload                            0x000000c9   Thumb Code     0  __scatter.o(!!!scatter)
    __scatterload_rt2                        0x000000c9   Thumb Code    44  __scatter.o(!!!scatter)
    __scatterload_rt2_thumb_only             0x000000c9   Thumb Code     0  __scatter.o(!!!scatter)
    __scatterload_null                       0x000000d7   Thumb Code     0  __scatter.o(!!!scatter)
    __scatterload_copy                       0x000000fd   Thumb Code    26  __scatter_copy.o(!!handler_copy)
    __scatterload_zeroinit                   0x00000119   Thumb Code    28  __scatter_zi.o(!!handler_zi)
    __rt_lib_init                            0x00000135   Thumb Code     0  libinit.o(.ARM.Collect$$libinit$$00000000)
    __rt_lib_init_alloca_1                   0x00000137   Thumb Code     0  libinit2.o(.ARM.Collect$$libinit$$0000002E)
    __rt_lib_init_argv_1                     0x00000137   Thumb Code     0  libinit2.o(.ARM.Collect$$libinit$$0000002C)
    __rt_lib_init_atexit_1                   0x00000137   Thumb Code     0  libinit2.o(.ARM.Collect$$libinit$$0000001B)
    __rt_lib_init_clock_1                    0x00000137   Thumb Code     0  libinit2.o(.ARM.Collect$$libinit$$00000021)
    __rt_lib_init_cpp_1                      0x00000137   Thumb Code     0  libinit2.o(.ARM.Collect$$libinit$$00000032)
    __rt_lib_init_exceptions_1               0x00000137   Thumb Code     0  libinit2.o(.ARM.Collect$$libinit$$00000030)
    __rt_lib_init_fp_1                       0x00000137   Thumb Code     0  libinit2.o(.ARM.Collect$$libinit$$00000002)
    __rt_lib_init_fp_trap_1                  0x00000137   Thumb Code     0  libinit2.o(.ARM.Collect$$libinit$$0000001F)
    __rt_lib_init_getenv_1                   0x00000137   Thumb Code     0  libinit2.o(.ARM.Collect$$libinit$$00000023)
    __rt_lib_init_heap_1                     0x00000137   Thumb Code     0  libinit2.o(.ARM.Collect$$libinit$$0000000A)
    __rt_lib_init_lc_collate_1               0x00000137   Thumb Code     0  libinit2.o(.ARM.Collect$$libinit$$00000011)
    __rt_lib_init_lc_ctype_1                 0x00000137   Thumb Code     0  libinit2.o(.ARM.Collect$$libinit$$00000013)
    __rt_lib_init_lc_monetary_1              0x00000137   Thumb Code     0  libinit2.o(.ARM.Collect$$libinit$$00000015)
    __rt_lib_init_lc_numeric_1               0x00000137   Thumb Code     0  libinit2.o(.ARM.Collect$$libinit$$00000017)
    __rt_lib_init_lc_time_1                  0x00000137   Thumb Code     0  libinit2.o(.ARM.Collect$$libinit$$00000019)
    __rt_lib_init_preinit_1                  0x00000137   Thumb Code     0  libinit2.o(.ARM.Collect$$libinit$$00000004)
    __rt_lib_init_rand_1                     0x00000137   Thumb Code     0  libinit2.o(.ARM.Collect$$libinit$$0000000E)
    __rt_lib_init_return                     0x00000137   Thumb Code     0  libinit2.o(.ARM.Collect$$libinit$$00000033)
    __rt_lib_init_signal_1                   0x00000137   Thumb Code     0  libinit2.o(.ARM.Collect$$libinit$$0000001D)
    __rt_lib_init_stdio_1                    0x00000137   Thumb Code     0  libinit2.o(.ARM.Collect$$libinit$$00000025)
    __rt_lib_init_user_alloc_1               0x00000137   Thumb Code     0  libinit2.o(.ARM.Collect$$libinit$$0000000C)
    __rt_lib_shutdown                        0x00000139   Thumb Code     0  libshutdown.o(.ARM.Collect$$libshutdown$$00000000)
    __rt_lib_shutdown_cpp_1                  0x0000013b   Thumb Code     0  libshutdown2.o(.ARM.Collect$$libshutdown$$00000002)
    __rt_lib_shutdown_fp_trap_1              0x0000013b   Thumb Code     0  libshutdown2.o(.ARM.Collect$$libshutdown$$00000007)
    __rt_lib_shutdown_heap_1                 0x0000013b   Thumb Code     0  libshutdown2.o(.ARM.Collect$$libshutdown$$0000000F)
    __rt_lib_shutdown_return                 0x0000013b   Thumb Code     0  libshutdown2.o(.ARM.Collect$$libshutdown$$00000010)
    __rt_lib_shutdown_signal_1               0x0000013b   Thumb Code     0  libshutdown2.o(.ARM.Collect$$libshutdown$$0000000A)
    __rt_lib_shutdown_stdio_1                0x0000013b   Thumb Code     0  libshutdown2.o(.ARM.Collect$$libshutdown$$00000004)
    __rt_lib_shutdown_user_alloc_1           0x0000013b   Thumb Code     0  libshutdown2.o(.ARM.Collect$$libshutdown$$0000000C)
    __rt_entry                               0x0000013d   Thumb Code     0  __rtentry.o(.ARM.Collect$$rtentry$$00000000)
    __rt_entry_presh_1                       0x0000013d   Thumb Code     0  __rtentry2.o(.ARM.Collect$$rtentry$$00000002)
    __rt_entry_sh                            0x0000013d   Thumb Code     0  __rtentry4.o(.ARM.Collect$$rtentry$$00000004)
    __rt_entry_li                            0x00000143   Thumb Code     0  __rtentry2.o(.ARM.Collect$$rtentry$$0000000A)
    __rt_entry_postsh_1                      0x00000143   Thumb Code     0  __rtentry2.o(.ARM.Collect$$rtentry$$00000009)
    __rt_entry_main                          0x00000147   Thumb Code     0  __rtentry2.o(.ARM.Collect$$rtentry$$0000000D)
    __rt_entry_postli_1                      0x00000147   Thumb Code     0  __rtentry2.o(.ARM.Collect$$rtentry$$0000000C)
    __rt_exit                                0x0000014f   Thumb Code     0  rtexit.o(.ARM.Collect$$rtexit$$00000000)
    __rt_exit_ls                             0x00000151   Thumb Code     0  rtexit2.o(.ARM.Collect$$rtexit$$00000003)
    __rt_exit_prels_1                        0x00000151   Thumb Code     0  rtexit2.o(.ARM.Collect$$rtexit$$00000002)
    __rt_exit_exit                           0x00000155   Thumb Code     0  rtexit2.o(.ARM.Collect$$rtexit$$00000004)
    PendSV_Handler                           0x0000015d   Thumb Code    40  switch.o(.emb_text)
    Reset_Handler                            0x0000018d   Thumb Code     8  startup_armcm3.o(.text)
    NMI_Handler                              0x00000195   Thumb Code     2  startup_armcm3.o(.text)
    HardFault_Handler                        0x00000197   Thumb Code     2  startup_armcm3.o(.text)
    MemManage_Handler                        0x00000199   Thumb Code     2  startup_armcm3.o(.text)
    BusFault_Handler                         0x0000019b   Thumb Code     2  startup_armcm3.o(.text)
    UsageFault_Handler                       0x0000019d   Thumb Code     2  startup_armcm3.o(.text)
    SVC_Handler                              0x0000019f   Thumb Code     2  startup_armcm3.o(.text)
    DebugMon_Handler                         0x000001a1   Thumb Code     2  startup_armcm3.o(.text)
    AACI_IRQHandler                          0x000001a7   Thumb Code     0  startup_armcm3.o(.text)
    CAN_IRQHandler                           0x000001a7   Thumb Code     0  startup_armcm3.o(.text)
    CHLCD_IRQHandler                         0x000001a7   Thumb Code     0  startup_armcm3.o(.text)
    CLCD_IRQHandler                          0x000001a7   Thumb Code     0  startup_armcm3.o(.text)
    CPU_CLCD_IRQHandler                      0x000001a7   Thumb Code     0  startup_armcm3.o(.text)
    ENET_IRQHandler                          0x000001a7   Thumb Code     0  startup_armcm3.o(.text)
    FLEXRAY_IRQHandler                       0x000001a7   Thumb Code     0  startup_armcm3.o(.text)
    I2C_IRQHandler                           0x000001a7   Thumb Code     0  startup_armcm3.o(.text)
    LIN_IRQHandler                           0x000001a7   Thumb Code     0  startup_armcm3.o(.text)
    MCIA_IRQHandler                          0x000001a7   Thumb Code     0  startup_armcm3.o(.text)
    MCIB_IRQHandler                          0x000001a7   Thumb Code     0  startup_armcm3.o(.text)
    RTC_IRQHandler                           0x000001a7   Thumb Code     0  startup_armcm3.o(.text)
    SPI_IRQHandler                           0x000001a7   Thumb Code     0  startup_armcm3.o(.text)
    TIM0_IRQHandler                          0x000001a7   Thumb Code     0  startup_armcm3.o(.text)
    TIM2_IRQHandler                          0x000001a7   Thumb Code     0  startup_armcm3.o(.text)
    UART0_IRQHandler                         0x000001a7   Thumb Code     0  startup_armcm3.o(.text)
    UART1_IRQHandler                         0x000001a7   Thumb Code     0  startup_armcm3.o(.text)
    UART2_IRQHandler                         0x000001a7   Thumb Code     0  startup_armcm3.o(.text)
    UART3_IRQHandler                         0x000001a7   Thumb Code     0  startup_armcm3.o(.text)
    UART4_IRQHandler                         0x000001a7   Thumb Code     0  startup_armcm3.o(.text)
    USBDC_IRQHandler                         0x000001a7   Thumb Code     0  startup_armcm3.o(.text)
    USBHC_IRQHandler                         0x000001a7   Thumb Code     0  startup_armcm3.o(.text)
    WDT_IRQHandler                           0x000001a7   Thumb Code     0  startup_armcm3.o(.text)
    __user_initial_stackheap                 0x000001a9   Thumb Code    10  startup_armcm3.o(.text)
    __use_two_region_memory                  0x000001cd   Thumb Code     2  heapauxi.o(.text)
    __rt_heap_escrow$2region                 0x000001cf   Thumb Code     2  heapauxi.o(.text)
    __rt_heap_expand$2region                 0x000001d1   Thumb Code     2  heapauxi.o(.text)
    __user_setup_stackheap                   0x000001d3   Thumb Code    74  sys_stackheap_outer.o(.text)
    exit                                     0x0000021d   Thumb Code    18  exit.o(.text)
    __user_libspace                          0x00000231   Thumb Code     8  libspace.o(.text)
    __user_perproc_libspace                  0x00000231   Thumb Code     0  libspace.o(.text)
    __user_perthread_libspace                0x00000231   Thumb Code     0  libspace.o(.text)
    _sys_exit                                0x00000239   Thumb Code     8  sys_exit.o(.text)
    __I$use$semihosting                      0x00000245   Thumb Code     0  use_no_semi.o(.text)
    __use_no_semihosting_swi                 0x00000245   Thumb Code     2  use_no_semi.o(.text)
    __semihosting_library_function           0x00000247   Thumb Code     0  indicate_semi.o(.text)
    SysTick_Handler                          0x00000249   Thumb Code   164  tcpu.o(i.SysTick_Handler)
    SystemInit                               0x000002f9   Thumb Code     8  system_armcm3.o(i.SystemInit)
    idleTaskEntry                            0x00000309   Thumb Code     4  main.o(i.idleTaskEntry)
    main                                     0x0000030d   Thumb Code    52  main.o(i.main)
    tAppInit                                 0x00000355   Thumb Code    76  tapp.o(i.tAppInit)
    tBitmapClear                             0x000003d1   Thumb Code    12  tbitmap.o(i.tBitmapClear)
    tBitmapGetFirstSet                       0x000003dd   Thumb Code    86  tbitmap.o(i.tBitmapGetFirstSet)
    tBitmapInit                              0x00000439   Thumb Code     6  tbitmap.o(i.tBitmapInit)
    tBitmapPosCount                          0x0000043f   Thumb Code     4  tbitmap.o(i.tBitmapPosCount)
    tBitmapSet                               0x00000443   Thumb Code    12  tbitmap.o(i.tBitmapSet)
    tEventInit                               0x0000044f   Thumb Code    16  tevent.o(i.tEventInit)
    tEventRemoveTask                         0x0000045f   Thumb Code    52  tevent.o(i.tEventRemoveTask)
    tListAddFirst                            0x00000493   Thumb Code    20  tlist.o(i.tListAddFirst)
    tListAddLast                             0x000004a7   Thumb Code    20  tlist.o(i.tListAddLast)
    tListCount                               0x000004bb   Thumb Code     6  tlist.o(i.tListCount)
    tListFirst                               0x000004c1   Thumb Code    14  tlist.o(i.tListFirst)
    tListInit                                0x000004cf   Thumb Code    10  tlist.o(i.tListInit)
    tListRemoveFirst                         0x000004d9   Thumb Code    30  tlist.o(i.tListRemoveFirst)
    tListRemoveNode                          0x000004f7   Thumb Code    24  tlist.o(i.tListRemoveNode)
    tNodeInit                                0x0000050f   Thumb Code     6  tlist.o(i.tNodeInit)
    tSemInit                                 0x00000515   Thumb Code    38  tsem.o(i.tSemInit)
    tSetSysTickPeriod                        0x0000053d   Thumb Code    74  tcpu.o(i.tSetSysTickPeriod)
    tTaskDelay                               0x00000595   Thumb Code    40  ttime.o(i.tTaskDelay)
    tTaskDelayInit                           0x000005c1   Thumb Code    10  ttime.o(i.tTaskDelayInit)
    tTaskEnterCritical                       0x000005d1   Thumb Code    12  switch.o(i.tTaskEnterCritical)
    tTaskExitCritical                        0x000005dd   Thumb Code    10  switch.o(i.tTaskExitCritical)
    tTaskHighestReady                        0x000005e9   Thumb Code    28  switch.o(i.tTaskHighestReady)
    tTaskInit                                0x0000060d   Thumb Code   214  ttask.o(i.tTaskInit)
    tTaskRunFirst                            0x000006ed   Thumb Code    24  switch.o(i.tTaskRunFirst)
    tTaskSched                               0x00000709   Thumb Code    56  switch.o(i.tTaskSched)
    tTaskSchedInit                           0x0000074d   Thumb Code    40  switch.o(i.tTaskSchedInit)
    tTaskSchedRdy                            0x00000781   Thumb Code    32  switch.o(i.tTaskSchedRdy)
    tTaskSchedUnRdy                          0x000007a9   Thumb Code    50  switch.o(i.tTaskSchedUnRdy)
    tTaskSwitch                              0x000007e5   Thumb Code    10  switch.o(i.tTaskSwitch)
    tTimeTaskWait                            0x000007f5   Thumb Code    54  switch.o(i.tTimeTaskWait)
    tTimeTaskWakeUp                          0x00000839   Thumb Code    24  switch.o(i.tTimeTaskWakeUp)
    task1Entry                               0x00000855   Thumb Code    44  tapp.o(i.task1Entry)
    task2Entry                               0x00000889   Thumb Code    28  tapp.o(i.task2Entry)
    task3Entry                               0x000008a9   Thumb Code    28  tapp.o(i.task3Entry)
    task4Entry                               0x000008c9   Thumb Code    28  tapp.o(i.task4Entry)
    __aeabi_d2uiz                            0x000008e9   Thumb Code     0  dfixu.o(x$fpl$dfixu)
    _dfixu                                   0x000008e9   Thumb Code    90  dfixu.o(x$fpl$dfixu)
    __aeabi_ui2d                             0x00000943   Thumb Code     0  dflt_clz.o(x$fpl$dfltu)
    _dfltu                                   0x00000943   Thumb Code    38  dflt_clz.o(x$fpl$dfltu)
    __aeabi_dmul                             0x00000969   Thumb Code     0  dmul.o(x$fpl$dmul)
    _dmul                                    0x00000969   Thumb Code   332  dmul.o(x$fpl$dmul)
    __fpl_dnaninf                            0x00000abd   Thumb Code   156  dnaninf.o(x$fpl$dnaninf)
    __fpl_dretinf                            0x00000b59   Thumb Code    12  dretinf.o(x$fpl$dretinf)
    __I$use$fp                               0x00000b64   Number         0  usenofp.o(x$fpl$usenofp)
    Region$$Table$$Base                      0x00000c64   Number         0  anon$$obj.o(Region$$Table)
    Region$$Table$$Limit                     0x00000c84   Number         0  anon$$obj.o(Region$$Table)
    currentTask                              0x20000000   Data           4  main.o(.data)
    nextTask                                 0x20000004   Data           4  main.o(.data)
    idleTask                                 0x20000008   Data           4  main.o(.data)
    schedLockCount                           0x2000000c   Data           1  main.o(.data)
    taskPrioBitmap                           0x20000010   Data           4  main.o(.data)
    task1Flag                                0x20000014   Data           4  tapp.o(.data)
    task2Flag                                0x20000018   Data           4  tapp.o(.data)
    task3Flag                                0x2000001c   Data           4  tapp.o(.data)
    task4Flag                                0x20000020   Data           4  tapp.o(.data)
    SystemCoreClock                          0x20000024   Data           4  system_armcm3.o(.data)
    taskTable                                0x20000028   Data         384  main.o(.bss)
    tTaskIdle                                0x200001a8   Data          64  main.o(.bss)
    idleTaskEnv                              0x200001e8   Data        4096  main.o(.bss)
    tTaskDelayedList                         0x200011e8   Data          12  main.o(.bss)
    tTask1                                   0x200011f4   Data          64  tapp.o(.bss)
    tTask2                                   0x20001234   Data          64  tapp.o(.bss)
    tTask3                                   0x20001274   Data          64  tapp.o(.bss)
    tTask4                                   0x200012b4   Data          64  tapp.o(.bss)
    task1Env                                 0x200012f4   Data        4096  tapp.o(.bss)
    task2Env                                 0x200022f4   Data        4096  tapp.o(.bss)
    task3Env                                 0x200032f4   Data        4096  tapp.o(.bss)
    task4Env                                 0x200042f4   Data        4096  tapp.o(.bss)
    eventWaitNormal                          0x200052f4   Data          16  tapp.o(.bss)
    sem                                      0x20005304   Data          24  tapp.o(.bss)
    __libspace_start                         0x2000531c   Data          96  libspace.o(.bss)
    __temporary_stack_top$libspace           0x2000537c   Data           0  libspace.o(.bss)



==============================================================================

Memory Map of the image

  Image Entry point : 0x000000c1

  Load Region LR_IROM1 (Base: 0x00000000, Size: 0x00000cac, Max: 0x00040000, ABSOLUTE)

    Execution Region ER_IROM1 (Base: 0x00000000, Size: 0x00000c84, Max: 0x00040000, ABSOLUTE)

    Base Addr    Size         Type   Attr      Idx    E Section Name        Object

    0x00000000   0x000000c0   Data   RO          533    RESET               startup_armcm3.o
    0x000000c0   0x00000008   Code   RO          578  * !!!main             c_w.l(__main.o)
    0x000000c8   0x00000034   Code   RO          752    !!!scatter          c_w.l(__scatter.o)
    0x000000fc   0x0000001a   Code   RO          754    !!handler_copy      c_w.l(__scatter_copy.o)
    0x00000116   0x00000002   PAD
    0x00000118   0x0000001c   Code   RO          756    !!handler_zi        c_w.l(__scatter_zi.o)
    0x00000134   0x00000002   Code   RO          622    .ARM.Collect$$libinit$$00000000  c_w.l(libinit.o)
    0x00000136   0x00000000   Code   RO          629    .ARM.Collect$$libinit$$00000002  c_w.l(libinit2.o)
    0x00000136   0x00000000   Code   RO          631    .ARM.Collect$$libinit$$00000004  c_w.l(libinit2.o)
    0x00000136   0x00000000   Code   RO          634    .ARM.Collect$$libinit$$0000000A  c_w.l(libinit2.o)
    0x00000136   0x00000000   Code   RO          636    .ARM.Collect$$libinit$$0000000C  c_w.l(libinit2.o)
    0x00000136   0x00000000   Code   RO          638    .ARM.Collect$$libinit$$0000000E  c_w.l(libinit2.o)
    0x00000136   0x00000000   Code   RO          641    .ARM.Collect$$libinit$$00000011  c_w.l(libinit2.o)
    0x00000136   0x00000000   Code   RO          643    .ARM.Collect$$libinit$$00000013  c_w.l(libinit2.o)
    0x00000136   0x00000000   Code   RO          645    .ARM.Collect$$libinit$$00000015  c_w.l(libinit2.o)
    0x00000136   0x00000000   Code   RO          647    .ARM.Collect$$libinit$$00000017  c_w.l(libinit2.o)
    0x00000136   0x00000000   Code   RO          649    .ARM.Collect$$libinit$$00000019  c_w.l(libinit2.o)
    0x00000136   0x00000000   Code   RO          651    .ARM.Collect$$libinit$$0000001B  c_w.l(libinit2.o)
    0x00000136   0x00000000   Code   RO          653    .ARM.Collect$$libinit$$0000001D  c_w.l(libinit2.o)
    0x00000136   0x00000000   Code   RO          655    .ARM.Collect$$libinit$$0000001F  c_w.l(libinit2.o)
    0x00000136   0x00000000   Code   RO          657    .ARM.Collect$$libinit$$00000021  c_w.l(libinit2.o)
    0x00000136   0x00000000   Code   RO          659    .ARM.Collect$$libinit$$00000023  c_w.l(libinit2.o)
    0x00000136   0x00000000   Code   RO          661    .ARM.Collect$$libinit$$00000025  c_w.l(libinit2.o)
    0x00000136   0x00000000   Code   RO          665    .ARM.Collect$$libinit$$0000002C  c_w.l(libinit2.o)
    0x00000136   0x00000000   Code   RO          667    .ARM.Collect$$libinit$$0000002E  c_w.l(libinit2.o)
    0x00000136   0x00000000   Code   RO          669    .ARM.Collect$$libinit$$00000030  c_w.l(libinit2.o)
    0x00000136   0x00000000   Code   RO          671    .ARM.Collect$$libinit$$00000032  c_w.l(libinit2.o)
    0x00000136   0x00000002   Code   RO          672    .ARM.Collect$$libinit$$00000033  c_w.l(libinit2.o)
    0x00000138   0x00000002   Code   RO          692    .ARM.Collect$$libshutdown$$00000000  c_w.l(libshutdown.o)
    0x0000013a   0x00000000   Code   RO          705    .ARM.Collect$$libshutdown$$00000002  c_w.l(libshutdown2.o)
    0x0000013a   0x00000000   Code   RO          707    .ARM.Collect$$libshutdown$$00000004  c_w.l(libshutdown2.o)
    0x0000013a   0x00000000   Code   RO          710    .ARM.Collect$$libshutdown$$00000007  c_w.l(libshutdown2.o)
    0x0000013a   0x00000000   Code   RO          713    .ARM.Collect$$libshutdown$$0000000A  c_w.l(libshutdown2.o)
    0x0000013a   0x00000000   Code   RO          715    .ARM.Collect$$libshutdown$$0000000C  c_w.l(libshutdown2.o)
    0x0000013a   0x00000000   Code   RO          718    .ARM.Collect$$libshutdown$$0000000F  c_w.l(libshutdown2.o)
    0x0000013a   0x00000002   Code   RO          719    .ARM.Collect$$libshutdown$$00000010  c_w.l(libshutdown2.o)
    0x0000013c   0x00000000   Code   RO          592    .ARM.Collect$$rtentry$$00000000  c_w.l(__rtentry.o)
    0x0000013c   0x00000000   Code   RO          599    .ARM.Collect$$rtentry$$00000002  c_w.l(__rtentry2.o)
    0x0000013c   0x00000006   Code   RO          611    .ARM.Collect$$rtentry$$00000004  c_w.l(__rtentry4.o)
    0x00000142   0x00000000   Code   RO          601    .ARM.Collect$$rtentry$$00000009  c_w.l(__rtentry2.o)
    0x00000142   0x00000004   Code   RO          602    .ARM.Collect$$rtentry$$0000000A  c_w.l(__rtentry2.o)
    0x00000146   0x00000000   Code   RO          604    .ARM.Collect$$rtentry$$0000000C  c_w.l(__rtentry2.o)
    0x00000146   0x00000008   Code   RO          605    .ARM.Collect$$rtentry$$0000000D  c_w.l(__rtentry2.o)
    0x0000014e   0x00000002   Code   RO          626    .ARM.Collect$$rtexit$$00000000  c_w.l(rtexit.o)
    0x00000150   0x00000000   Code   RO          674    .ARM.Collect$$rtexit$$00000002  c_w.l(rtexit2.o)
    0x00000150   0x00000004   Code   RO          675    .ARM.Collect$$rtexit$$00000003  c_w.l(rtexit2.o)
    0x00000154   0x00000006   Code   RO          676    .ARM.Collect$$rtexit$$00000004  c_w.l(rtexit2.o)
    0x0000015a   0x00000002   PAD
    0x0000015c   0x00000030   Code   RO           82    .emb_text           switch.o
    0x0000018c   0x00000040   Code   RO          534    .text               startup_armcm3.o
    0x000001cc   0x00000006   Code   RO          576    .text               c_w.l(heapauxi.o)
    0x000001d2   0x0000004a   Code   RO          613    .text               c_w.l(sys_stackheap_outer.o)
    0x0000021c   0x00000012   Code   RO          615    .text               c_w.l(exit.o)
    0x0000022e   0x00000002   PAD
    0x00000230   0x00000008   Code   RO          623    .text               c_w.l(libspace.o)
    0x00000238   0x0000000c   Code   RO          684    .text               c_w.l(sys_exit.o)
    0x00000244   0x00000002   Code   RO          695    .text               c_w.l(use_no_semi.o)
    0x00000246   0x00000000   Code   RO          697    .text               c_w.l(indicate_semi.o)
    0x00000246   0x00000002   PAD
    0x00000248   0x000000b0   Code   RO          322    i.SysTick_Handler   tcpu.o
    0x000002f8   0x00000010   Code   RO          542    i.SystemInit        system_armcm3.o
    0x00000308   0x00000004   Code   RO            4    i.idleTaskEntry     main.o
    0x0000030c   0x00000048   Code   RO            5    i.main              main.o
    0x00000354   0x0000007c   Code   RO          371    i.tAppInit          tapp.o
    0x000003d0   0x0000000c   Code   RO          198    i.tBitmapClear      tbitmap.o
    0x000003dc   0x0000005c   Code   RO          199    i.tBitmapGetFirstSet  tbitmap.o
    0x00000438   0x00000006   Code   RO          200    i.tBitmapInit       tbitmap.o
    0x0000043e   0x00000004   Code   RO          201    i.tBitmapPosCount   tbitmap.o
    0x00000442   0x0000000c   Code   RO          202    i.tBitmapSet        tbitmap.o
    0x0000044e   0x00000010   Code   RO          477    i.tEventInit        tevent.o
    0x0000045e   0x00000034   Code   RO          479    i.tEventRemoveTask  tevent.o
    0x00000492   0x00000014   Code   RO          235    i.tListAddFirst     tlist.o
    0x000004a6   0x00000014   Code   RO          236    i.tListAddLast      tlist.o
    0x000004ba   0x00000006   Code   RO          237    i.tListCount        tlist.o
    0x000004c0   0x0000000e   Code   RO          238    i.tListFirst        tlist.o
    0x000004ce   0x0000000a   Code   RO          239    i.tListInit         tlist.o
    0x000004d8   0x0000001e   Code   RO          245    i.tListRemoveFirst  tlist.o
    0x000004f6   0x00000018   Code   RO          246    i.tListRemoveNode   tlist.o
    0x0000050e   0x00000006   Code   RO          247    i.tNodeInit         tlist.o
    0x00000514   0x00000026   Code   RO          519    i.tSemInit          tsem.o
    0x0000053a   0x00000002   PAD
    0x0000053c   0x00000058   Code   RO          323    i.tSetSysTickPeriod  tcpu.o
    0x00000594   0x0000002c   Code   RO          353    i.tTaskDelay        ttime.o
    0x000005c0   0x00000010   Code   RO          354    i.tTaskDelayInit    ttime.o
    0x000005d0   0x0000000c   Code   RO           83    i.tTaskEnterCritical  switch.o
    0x000005dc   0x0000000a   Code   RO           84    i.tTaskExitCritical  switch.o
    0x000005e6   0x00000002   PAD
    0x000005e8   0x00000024   Code   RO           85    i.tTaskHighestReady  switch.o
    0x0000060c   0x000000e0   Code   RO          420    i.tTaskInit         ttask.o
    0x000006ec   0x0000001c   Code   RO           86    i.tTaskRunFirst     switch.o
    0x00000708   0x00000044   Code   RO           87    i.tTaskSched        switch.o
    0x0000074c   0x00000034   Code   RO           90    i.tTaskSchedInit    switch.o
    0x00000780   0x00000028   Code   RO           91    i.tTaskSchedRdy     switch.o
    0x000007a8   0x0000003c   Code   RO           93    i.tTaskSchedUnRdy   switch.o
    0x000007e4   0x00000010   Code   RO           94    i.tTaskSwitch       switch.o
    0x000007f4   0x00000044   Code   RO           96    i.tTimeTaskWait     switch.o
    0x00000838   0x0000001c   Code   RO           97    i.tTimeTaskWakeUp   switch.o
    0x00000854   0x00000034   Code   RO          373    i.task1Entry        tapp.o
    0x00000888   0x00000020   Code   RO          374    i.task2Entry        tapp.o
    0x000008a8   0x00000020   Code   RO          375    i.task3Entry        tapp.o
    0x000008c8   0x00000020   Code   RO          376    i.task4Entry        tapp.o
    0x000008e8   0x0000005a   Code   RO          580    x$fpl$dfixu         fz_ws.l(dfixu.o)
    0x00000942   0x00000026   Code   RO          584    x$fpl$dfltu         fz_ws.l(dflt_clz.o)
    0x00000968   0x00000154   Code   RO          590    x$fpl$dmul          fz_ws.l(dmul.o)
    0x00000abc   0x0000009c   Code   RO          593    x$fpl$dnaninf       fz_ws.l(dnaninf.o)
    0x00000b58   0x0000000c   Code   RO          595    x$fpl$dretinf       fz_ws.l(dretinf.o)
    0x00000b64   0x00000000   Code   RO          597    x$fpl$usenofp       fz_ws.l(usenofp.o)
    0x00000b64   0x00000100   Data   RO          203    .constdata          tbitmap.o
    0x00000c64   0x00000020   Data   RO          750    Region$$Table       anon$$obj.o


    Execution Region RW_IRAM1 (Base: 0x20000000, Size: 0x00006380, Max: 0x00020000, ABSOLUTE)

    Base Addr    Size         Type   Attr      Idx    E Section Name        Object

    0x20000000   0x00000014   Data   RW            7    .data               main.o
    0x20000014   0x00000010   Data   RW          378    .data               tapp.o
    0x20000024   0x00000004   Data   RW          543    .data               system_armcm3.o
    0x20000028   0x000011cc   Zero   RW            6    .bss                main.o
    0x200011f4   0x00004128   Zero   RW          377    .bss                tapp.o
    0x2000531c   0x00000060   Zero   RW          624    .bss                c_w.l(libspace.o)
    0x2000537c   0x00000004   PAD
    0x20005380   0x00000c00   Zero   RW          532    HEAP                startup_armcm3.o
    0x20005f80   0x00000400   Zero   RW          531    STACK               startup_armcm3.o


==============================================================================

Image component sizes


      Code (inc. data)   RO Data    RW Data    ZI Data      Debug   Object Name

        76         20          0         20       4556      12406   main.o
        64         26        192          0       4096        908   startup_armcm3.o
       466         86          0          0          0      10173   switch.o
        16          8          0          4          0        855   system_armcm3.o
       272         68          0         16      16680       3769   tapp.o
       126          6        256          0          0       3233   tbitmap.o
       264         26          0          0          0      25541   tcpu.o
        68          0          0          0          0       1692   tevent.o
       130          0          0          0          0       4838   tlist.o
        38          0          0          0          0       1019   tsem.o
       224         10          0          0          0       1216   ttask.o
        60         10          0          0          0       1110   ttime.o

    ----------------------------------------------------------------------
      1808        260        480         40      25332      66760   Object Totals
         0          0         32          0          0          0   (incl. Generated)
         4          0          0          0          0          0   (incl. Padding)

    ----------------------------------------------------------------------

      Code (inc. data)   RO Data    RW Data    ZI Data      Debug   Library Member Name

         8          0          0          0          0         68   __main.o
         0          0          0          0          0          0   __rtentry.o
        12          0          0          0          0          0   __rtentry2.o
         6          0          0          0          0          0   __rtentry4.o
        52          8          0          0          0          0   __scatter.o
        26          0          0          0          0          0   __scatter_copy.o
        28          0          0          0          0          0   __scatter_zi.o
        18          0          0          0          0         80   exit.o
         6          0          0          0          0        152   heapauxi.o
         0          0          0          0          0          0   indicate_semi.o
         2          0          0          0          0          0   libinit.o
         2          0          0          0          0          0   libinit2.o
         2          0          0          0          0          0   libshutdown.o
         2          0          0          0          0          0   libshutdown2.o
         8          4          0          0         96         68   libspace.o
         2          0          0          0          0          0   rtexit.o
        10          0          0          0          0          0   rtexit2.o
        12          4          0          0          0         68   sys_exit.o
        74          0          0          0          0         80   sys_stackheap_outer.o
         2          0          0          0          0         68   use_no_semi.o
        90          4          0          0          0         92   dfixu.o
        38          0          0          0          0         68   dflt_clz.o
       340         12          0          0          0        104   dmul.o
       156          4          0          0          0         92   dnaninf.o
        12          0          0          0          0         68   dretinf.o
         0          0          0          0          0          0   usenofp.o

    ----------------------------------------------------------------------
       916         36          0          0        100       1008   Library Totals
         8          0          0          0          4          0   (incl. Padding)

    ----------------------------------------------------------------------

      Code (inc. data)   RO Data    RW Data    ZI Data      Debug   Library Name

       272         16          0          0         96        584   c_w.l
       636         20          0          0          0        424   fz_ws.l

    ----------------------------------------------------------------------
       916         36          0          0        100       1008   Library Totals

    ----------------------------------------------------------------------

==============================================================================


      Code (inc. data)   RO Data    RW Data    ZI Data      Debug   

      2724        296        480         40      25432      65424   Grand Totals
      2724        296        480         40      25432      65424   ELF Image Totals
      2724        296        480         40          0          0   ROM Totals

==============================================================================

    Total RO  Size (Code + RO Data)                 3204 (   3.13kB)
    Total RW  Size (RW Data + ZI Data)             25472 (  24.88kB)
    Total ROM Size (Code + RO Data + RW Data)       3244 (   3.17kB)

==============================================================================

